02repair.blog.fc2.com	en	21
02repair.blog.fc2.com	ja	362
917ssmys.measychina.cn	zh	112
