df6fa1abb58549287111ba8d776733e9 uri:http://statmt.org/
This website is dedicated to research in statistical machine translation, i.e. the translation of text from one human language to another by a computer that learned how to translate from vast amounts of translated text.
