df6fa1abb58549287111ba8d776733e9 uri:http://statmt.org/europarl/
The Europarl parallel corpus is extracted from the proceedings of the European Parliament.
It includes versions in 21 European languages: Romanic (French, Italian, Spanish, Portuguese, Romanian), Germanic (English, Dutch, German, Danish, Swedish), Slavik (Bulgarian, Czech, Polish, Slovak, Slovene), Finni-Ugric (Finnish, Hungarian, Estonian), Baltic (Latvian, Lithuanian), and Greek.
WARC/1.1
The goal of the extraction and processing was to generate sentence aligned text for statistical machine translation systems.
For this purpose we extracted matching items and labeled them with corresponding document IDs. Using a preprocessor we identified sentence boundaries.
We sentence aligned the data using a tool based on the Church and Gale algorithm.
df6fa1abb58549287111ba8d776733e9 uri:http://statmt.org/wmt14/
This workshop builds on eight previous workshops on statistical machine translation, which is one of the most prestigious venues for research in computational linguistics:
