df6fa1abb58549287111ba8d776733e9 uri:http://673091.av999-tw.net/?PUT=a_show&AID=77418&FID=673091&R2=&CHANNEL= language:en bytes:64
記錄COPYRIGHT(C)2006 673091.av999-tw.net ALL RIGHTS RESERVED.
df6fa1abb58549287111ba8d776733e9 uri:http://673091.av999-tw.net/?PUT=a_show&AID=77418&FID=673091&R2=&CHANNEL= language:en bytes:25
iPhone, iPad, iPod touch
df6fa1abb58549287111ba8d776733e9 uri:http://6dollarshirts.com/tv-and-movie-tees/violent-delights language:en bytes:4130
Violent Delights T-Shirt | 6 Dollar Shirts
HUNDREDS OF TEES JUST $6 EACH • Get 10 FOR ONLY $50!
HUNDREDS OF TEES JUST $6 EACH • Get 10 FOR ONLY $50!
Account •
Ordering •
About •
Contact
SHOP BY STYLE
Guys Tees
Girls Tees
Kids Tees
Guys Tanks
Girls Tanks
Sweatshirts
Hoodies
Prints
SHOP BY CATEGORY
New
Funny
Music
Partying
Pop Culture
Politics
Shop All Tees	SHOP BY PRICE Tees for $6
Tees for $9
Tees for $12
Clearance Items
SHOP BY STYLE
Guys Tees
Girls Tees
Kids Tees
Guys Tanks
Girls Tanks
Sweatshirts
Hoodies
Prints
SHOP BY CATEGORY
New
Funny
Music
Partying
Pop Culture
Politics
Shop All Tees	SHOP BY PRICE Tees for $6
Tees for $9
Tees for $12
Clearance Items
NEW Hell Yeah
New Who
Squid Goals
I Choose Violence
Crystal Ball Buffering
Weed
Lava
Hand Of The Queen
SHOP Shop By Style
Guys Tees
Girls Tees
Kids Tees
Guys Tanks
Girls Tanks
Sweatshirts
Hoodies
Prints
Shop By Category
New Designs
TV & Movies	Pets & Animals
Science & Math
Geek & Gaming
Graphic & Vintage
Funny
Food & Coffee
Music
Partying
Pop Culture
Politics
Sports & Wellness
Holidays & Costumes
Shop All Tees	Shop By Price
Tees for $6
Tees for $9
Tees for $12
10 for $50 Tees
Gift Certificates
Clearance
COLLECTIONS Cats
Horror
Gaming Drinking Science Dinosaurs
Superheroes Math
Zombies
Dogs Sharks
Skulls
Literary Historical Music Account
Ordering Info
About Us
Contact Us
TV & Movie Tees
Violent Delights #teeviolentdelightstee
Violent Delights Looking for a fun vacation spot? Be careful what you wish for.
Professionally printed silkscreen
Ships within 2 business days
Designed and printed in the USA	See more in: Violent Delights Looking for a fun vacation spot? Be careful what you wish for.
• Professionally printed silkscreen
• Ships within 2 business days
• Designed and printed in the USA
Choose Style: Select State
Guys Tee	Girls Tee	(+$0.50)
Guys Tank	(+$5.95)
Girls Tank	(+$5.95)
Kids Tee	(+$3.50)
Hoodie	(+$12.95)
Choose Color: Select State
Black	Charcoal	Black	Black	Midnight	Lucky Green	Gray Heather	Navy Heather	Deep Ash	Brown Heather	Chocolate	Midnight	Royal Heather	Black	Navy Blue	Kelly Green Heather	True Navy	Red Heather	Deep Red	Red	Sky Blue	Kelly Green	Choose Size: Size Chart	Select State
Small	Medium	Large	X-Large	2X-Large	(+$1.00)
2X-Large	(+$2.00)
2X-Large	(+$3.00)
3X-Large	(+$3.00)
3X-Large	(+$2.00)
2	3	4	5/6	$6,00
Qty
Add to Cart
Violent Delights Looking for a fun vacation spot? Be careful what you wish for.	• Professionally printed silkscreen
• Ships within 2 business days
• Designed and printed in the USA
#teeviolentdelightstee
Violent Delights Looking for a fun vacation spot? Be careful what you wish for.
Professionally printed silkscreen
Ships within 2 business days
Designed and printed in the USA	$6. Dystopia
$9. Shakespeare On Love
$6. Evolution To Termination
$6. Red Pill, Blue Pill Customer Reviews (0)
DESIGN DETAILS FAN PHOTOS MORE INFO
Product Specs
Size & Fit
Shirt width on our size chart measures from armpit to armpit, across the front only. Shirt length measures from the neck seam to the bottom hem.
While our 100% cotton shirts are pre-shrunk, slight shrinkage may occur, particularly when using heat in washing and drying. Heather colors are a poly-cotton blend that may shrink slightly or not at all, depending on care.
Guys shirts are a loose fit style. Girls shirts are fitted with a tapered waist and cap sleeves.	More Questions?
See our Ordering page, or contact us here.
Add A Review
Submit
Size Chart
GUYS TEE GIRLS TEE GUYS TANK GIRLS TANK KIDS TEE HOODIE SizeWidth Length SMALL 18 28 MEDIUM 20 29 LARGE 22 30 X-LARGE 24 31 2X-LARGE 26 32 3X-LARGE 28 33 Pre-shrunk fabric. • Short set-in sleeves, for relaxed fit. • Solid colors are 100% cotton; Heather colors are 50/50 poly-cotton blend (Grey Heather is a 70% cotton, 30% polyester blend). Size Width Length SMALL 16.5 25 MEDIUM 17.5 25.5 LARGE 18.5 27 X-LARGE 20 28 100% ring-spun cotton.Pre-shrunk fabric.Tapered silhouette.Gray Granite is 90% cotton 10% poly-blend. Size Width Length SMALL 18 27 MEDIUM 20 28.5 LARGE 21.5 28.75 X-LARGE 23 29.5 2X-LARGE 25.5 30.5 100% combed ring-spun cotton.Pre-shrunk fabric.
df6fa1abb58549287111ba8d776733e9 uri:http://6dollarshirts.com/tv-and-movie-tees/violent-delights language:en bytes:1015
Length SMALL 16.25 24.75 MEDIUM 18.5 24.5 LARGE 21.5 25 X-LARGE 22 27 100% combed ring-spun cotton.Pre-shrunk fabric. Size Width Length 2 11 12 3 12 13 4 13 14 5/6 14.5 16 SMALL 17 19 MEDIUM 18 20.5 LARGE 19 21 100% jersey knit cotton.Pre-shrunk fabric.​ Size Width Length SMALL 20 23 MEDIUM 21 25.5 LARGE 23 26 X-LARGE 25 27 2X-LARGE 28.5 27 3X-LARGE 31 27.5 80% ring-spun cotton/ 20% polyester.Pre-shrunk fabric.Jersey-lined hood. ×Close
- Categories -
New Designs
TV & Movies	Pets & Animals
Science & Math
Geek & Gaming
Funny
Graphic & Vintage
Food & Coffee
Music
Partying
Pop Culture
Politics
Sports & Wellness
Holidays & Costumes
Shop All Tees	- Styles -
Guys Tees
Girls Tees
Kids Tees
Guys Tanks
Girls Tanks
Sweatshirts
Hoodies
Prints
- Price -
Tees For $6
Tees For $9 Tees For $12
10 for $50 Tees
My Account
Ordering Info
About Us
Contact Us
Subscribe To Our Newsletter
©2016 6DOLLARSHIRTS by Thread Pit•Terms•Privacy
/g,'>');l[i].href='mailto:'+t.value}}catch(e){}}}catch(e){}})(document);/* ]]> */
