df6fa1abb58549287111ba8d776733e9 uri:http://1039500.webexpress.point-s.de/autoservice/wartung_und_service language:de bytes:205
Reifen Meißner GmbH
HomeÜber unsReifenFelgenAutoserviceGeschäftskundenAktuellesTuningFilialenKontaktpoint S CardStellenangeboteKundenzufriedenheitPKWMotorradNutzfahrzeugeUnsere starken MarkenMarkenReife
df6fa1abb58549287111ba8d776733e9 uri:http://1039500.webexpress.point-s.de/autoservice/wartung_und_service language:de bytes:114
AngeboteWartung und ServiceZubehörMobilitiätsgarantieFlottenFlottenbroschürePKW-ServiceNutzfahrzeug-Service24h
df6fa1abb58549287111ba8d776733e9 uri:http://1039500.webexpress.point-s.de/autoservice/wartung_und_service language:de bytes:162
nsporterreifenGrüne ReifenReifen-EinlagerungAuswuchtenWinterreifenLKW & ReisebusseLand- & ForstwirtschaftErdbewegungsmaschinenIndustriereifenLKW-Reifenversicheru
df6fa1abb58549287111ba8d776733e9 uri:http://1039500.webexpress.point-s.de/autoservice/wartung_und_service language:de bytes:297
laketteSchneeketteNutzfahrzeug und Reisebus ServiceErdbewegungsmaschinen ServiceLand- und Forstwirtschaft ServiceIndustriereifen Service	Immer für Sie da:
Geschäftsführer	Frau Irmtraud Meißner / Herr Lutz Meißner	Sie befinden sich hier: Autoservice » Wartung und Service
Wartung und Service
df6fa1abb58549287111ba8d776733e9 uri:http://1039500.webexpress.point-s.de/autoservice/wartung_und_service language:de bytes:460
Hauptuntersuchung*: Die Ausführung sämtlicher Arbeiten am Fahrzeug erfolgt durch permanent geschulte Mitarbeiter und Kfz-Meister. Denn nur sie verfügen über die nötige Erfahrung und Qualifikation.*Die Prüfung erfolgt gem. §29 StVZO, in Ihrem point S Servicecenter zusammen mit staatlich anerkannten Prüforganisationen (welche Prüforganisation in Ihrem Servicecenter tätig ist, erfahren Sie vor Ort).
NutzungsbedingungenDatenschutzerklärungImpressum
df6fa1abb58549287111ba8d776733e9 uri:http://2016.palaissommer.de/programm/tango-im-park-8/ language:de bytes:135
Mitteilungen
Anfragen
Newsletter abonnieren
Programm
Alle Veranstaltungen
Filmnacht
Hörspielnacht
Klaviernacht
Palais.Poesie
Pleinair
df6fa1abb58549287111ba8d776733e9 uri:http://2016.palaissommer.de/programm/tango-im-park-8/ language:de bytes:1253
Sommerwirtschaft
Schirmherrschaft
Team
News
Partner
Pleinair & Sammlung
Galerie
Canalettopreis
Presse
Aktuelle Mitteilungen
Anfragen
Newsletter abonnieren
Tango im Park
Sonntag, 14.08.2016 | 16:00
Rahmenprogramm
Tango im Park
Der Argentinische Tango ist die ursprünglichere und weniger reglementierte Form des Tanzes der sich vor über hundert Jahren am Rio de la Plata entwickelt hat. Da der Tango seit 2009 zum Weltkulturerbe gehört, bringen wir dieses an die Elbwiesen zurück.
Es ist eine offene Tanzveranstaltung zu traditionellen und auch modernen Tangos. Wir laden jeden zum schwofen, gaffen, genießen, ausprobieren und mitmachen ein.
Danke an Norbert Gust
Das eintrittsfreie Festival Palais Sommer wird neben Sponsoring vor allem auch durch die Spenden der Besucher möglich. Empfehlung: 5-10 € / Spendenbox am Kulturcounter Eingang Elbradweg.
Vielen Dank für eure Unterstützung!
Jetzt spenden!
Newsletter	Fördern Sie diese Veranstaltung!	Mit Ihrer Hilfe kann der Palais Sommer weiterhin eintrittsfrei und ohne staatliche Zuschüsse stattfinden Mehr Informationen Kalender
<<
Jul 2017
>>
MDMDFSS
26	27	28	29	30	1	2	3	4	5	6	7	8	9	10	11	12	13	14	15	16	17	18	19	20	21	22	23	24	25	26	27	28	29	30	31	1	2	3	4	5	6	Nächste VeranstaltungenKeine
df6fa1abb58549287111ba8d776733e9 uri:http://24check-versicherung.com/news-archiv-002/fleckig-verfarbt-verfilzt.html language:de bytes:3169
Fleckig, verfärbt, verfilzt: Textilreiniger haften nur bei eigenen Fehlern | 24CHECK-VERSICHERUNG | HOLZ
24CHECK-VERSICHERUNG
Site Navigation[Skip]
24CHECK
NEWS
HANDY
VORSORGE
ENGLISCHE LEBENSVERSICHERUNG
BERUFSUNFÄHIGKEIT
UNFALLVERSICHERUNG
LEBENSVERSICHERUNG
RENTENVERSICHERUNG
RIESTER-RENTE
RÜRUP-RENTE
RISIKO-LEBENSVERSICHERUNG
PKV
PRIVATE KRANKEN-VERSICHERUNG
PKV BEAMTE
PKV STUDENTEN
PKV ÜBER 55
PRIVATE KRANKENZUSATZ-VERSICHERUNG
SACHVERSICHERUNG
WOHNGEBÄUDE
FIRMENVERSICHERUNG
KFZ VERSICHERUNG VERGLEICH
HAUS- UND GRUNDBESITZ
HAUSRAT
PRIVAT-HAFTPFLICHT
RECHTSSCHUTZ-VERSICHERUNG
TIERHALTER
MOTORRAD-VERSICHERUNG
FINANZEN
BAUFINANZIERUNG
AUTOFINANZIERUNG
KREDIT VERGLEICH | RATENKREDIT | KREDITFINANZIERUNG
Allgemeine 24CHECK - Informationen zu Krediten und Vergleichen
FONDS
KREDITKARTEN VERGLEICH
SUCHEN
TIPPS
SITEMAP
Fleckig, verfärbt, verfilzt: Textilreiniger haften nur bei eigenen Fehlern
R+V-Infocenter: Verbraucher haben Beweispflicht
Wiesbaden (ots) - Waschmaschine oder Reinigung? Bei teuren
und empfindlichen Kleidungsstücken fällt die Wahl meist auf eine
Textilreinigung. Doch was tun, wenn der Anzug danach noch mehr Flecken hat oder
das Lieblingskleid verfilzt ist? "Der Kunde muss beweisen, dass die
Reinigung den Schaden verursacht und auch verschuldet hat", sagt Sonja
Biorac, Haftpflichtexpertin beim Infocenter der R+V Versicherung. Doch nur in
jedem dritten Fall haben tatsächlich die Textilreiniger den Schaden zu
vertreten. Fast ebenso häufig geht er auf Fehler der Hersteller zurück, etwa
wenn das Kleidungsstück falsch etikettiert ist.
Gut für die Kunden ist, wenn die Reinigung bereit ist, den
Schaden auf Kulanzbasis zu regeln. Ist dies nicht der Fall, muss der
Geschädigte dem Betrieb nachweisen, dass dieser einen Fehler gemacht hat.
"Oft geht das nur mit einem Gutachten, zum Beispiel von einer Schiedstelle
für Textilpflege", so R+V-Expertin Biorac. Zwischen 20 und 60 Euro kostet
die Beurteilung durch die Experten. Stellt sich dabei heraus, dass die
Pflegehinweise falsch sind, können die Kunden beim Verkäufer reklamieren.
Dieser haftet zwei Jahre für die Kleidung. Voraussetzung ist aber, dass das
Etikett nicht herausgeschnitten wurde.
Bei rund jeder dritten Reklamation entscheiden die
Schiedsstellen zu Ungunsten der Verbraucher: beispielsweise wenn die Kleidung
mit Säure in Kontakt gekommen ist oder der Kunde an den Flecken gerieben und
den Stoff beschädigt hat.
Wenn die Reinigung für den Schaden verantwortlich ist,
erstattet sie normalerweise nicht den kompletten Wert des Kleidungsstücks.
"Meistens ist die Haftung auf den 15fachen Reinigungspreis begrenzt",
so Sonja Biorac. Selbst für ein 800 Euro teures Markenkostüm steht dem Kunden
also womöglich deutlich weniger als der halbe Kaufpreis zu. Viele Reinigungen
bieten zusätzlich eine Versicherung an, die im Schadenfall den Zeitwert ersetzt
- für neue wertvolle Kleidungsstücke kann sich das lohnen.
http://www.infocenter.ruv.de
Pressekontakt:
R+V-Infocenter
06172/9022-131
a.kassubek@arts-others.de Zurück zur Übersicht
Dienstag, 20. März 2012 21:23
© HOLZ MMC 2006 - 2014 - DEUTSCHLANDS GROSSES VERGLEICHSPORTAL - ALLE VERGLEICHE
