df6fa1abb58549287111ba8d776733e9 uri:http://01publishing.com/tag/bondage/ language:en offset:0 bytes:246
Lorem Ipsum is simply dummy text of the printing and typesetting industry. Lorem Ipsum has been the industry's standard dummy text ever since the 1500s, when an unknown printer took a galley of type and scrambled it to make a type specimen book.
