df6fa1abb58549287111ba8d776733e9 uri:http://673091.av999-tw.net/?PUT=a_show&AID=77418&FID=673091&R2=&CHANNEL= language:ja offset:9833 bytes:29
smg下載-向前走向愛走-
df6fa1abb58549287111ba8d776733e9 uri:http://673091.av999-tw.net/?PUT=a_show&AID=77418&FID=673091&R2=&CHANNEL= language:ja offset:10318 bytes:149
守護甜心遊戲-冒險王之神兵傳奇無敵版-真愛找麻煩第63集-言葉より大切なもの-切水果手機遊戲-說一句我不走了-
df6fa1abb58549287111ba8d776733e9 uri:http://673091.av999-tw.net/?PUT=a_show&AID=77418&FID=673091&R2=&CHANNEL= language:ja offset:10844 bytes:118
天空影音分享-嵐きっと大丈夫-羅百吉-雨果的冒險-情歌-四川麻將連連看-驢子下載中文版-
